QUDO_KEM_1.0 {
    global:
        QUDO_KEM_new;
        QUDO_KEM_new_by_level;
        QUDO_KEM_free;
        QUDO_KEM_keypair;
        QUDO_KEM_keypair_derand;
        QUDO_KEM_encaps;
        QUDO_KEM_encaps_derand;
        QUDO_KEM_decaps;
        QUDO_KEM_init;
        QUDO_KEM_cleanup;
        QUDO_KEM_is_initialized;
        QUDO_KEM_keypair_generate;
        QUDO_KEM_encapsulate;
        QUDO_KEM_decapsulate;
        QUDO_KEM_get_public_key_size;
        QUDO_KEM_get_secret_key_size;
        QUDO_KEM_get_ciphertext_size;
        QUDO_KEM_get_shared_secret_size;
        QUDO_KEM_get_algorithm_name;
        QUDO_KEM_get_level_from_name;
        QUDO_KEM_get_version;
        QUDO_KEM_get_features;
        QUDO_KEM_get_platform;
        QUDO_KEM_get_architecture;
        QUDO_KEM_has_avx2;
        QUDO_KEM_has_neon;
        QUDO_KEM_get_cpu_count;
        QUDO_KEM_get_cache_line_size;
        QUDO_KEM_is_platform_supported;
        QUDO_KEM_print_system_info;
        QUDO_KEM_get_error_string;
        QUDO_KEM_list_algorithms;
        QUDO_KEM_is_algorithm_supported;
        QUDO_KEM_get_algorithm_info;
        QUDO_KEM_export_public_key_der;
        QUDO_KEM_import_public_key_der;
        QUDO_KEM_export_public_key_pem;
        QUDO_KEM_import_public_key_pem;
        QUDO_KEM_randombytes_init;
        QUDO_KEM_randombytes;
        QUDO_KEM_randombytes_cleanup;
        QUDO_KEM_randombytes_test;
        QUDO_KEM_secure_zero;
        QUDO_KEM_secure_alloc;
        QUDO_KEM_secure_free;
        QUDO_KEM_constant_time_compare;
        QUDO_KEM_constant_time_select;
        QUDO_KEM_aligned_alloc;
        QUDO_KEM_aligned_free;
        QUDO_KEM_config_load;
        QUDO_KEM_config_default;
        QUDO_KEM_config_save;
        QUDO_KEM_config_free;
        QUDO_KEM_config_validate;
        QUDO_KEM_config_apply;
        QUDO_KEM_api_version;
        QUDO_KEM_version_major;
        QUDO_KEM_version_minor;
        QUDO_KEM_version_patch;
        QUDO_KEM_get_last_error;
        QUDO_KEM_error_string;
        QUDO_KEM_clear_error;
    local:
        *;
};
